# first add path to package in repo.lst
# package name with no tag assumes trunk
# blank lines and lines beginning with # are ignored

GoodRunsLists
PileupReweighting
TrigRootAnalysis

TauTriggerEmulation
# last 2011 tag
TauTriggerCorrections-00-00-02
TauFakeRates atlasphys/Physics/Higgs/HSG4/software/hadhad
#TauFakeRates2012
# lephad should use tag 9 for 2011 and 2012
MissingMassCalculator-00-00-07
TauDiscriminant

# https://twiki.cern.ch/twiki/bin/viewauth/AtlasProtected/MissingETUtility
MissingETUtility-01-01-03
# https://twiki.cern.ch/twiki/bin/viewauth/AtlasProtected/JetCalibrationToolsForPhysicsAnalyses
# https://twiki.cern.ch/twiki/bin/viewauth/AtlasProtected/JetUncertainties2011
JetUncertainties-00-07-06
# https://twiki.cern.ch/twiki/bin/viewauth/AtlasProtected/JetEnergyResolutionProvider
#JetResolution-00-00-09
JetResolution-01-00-01
# https://twiki.cern.ch/twiki/bin/viewauth/AtlasProtected/ApplyJetCalibration2011
ApplyJetCalibration-00-02-07
# https://twiki.cern.ch/twiki/bin/viewauth/AtlasProtected/ApplyJetResolutionSmearing
ApplyJetResolutionSmearing-00-00-03

MuonMomentumCorrections-00-06-08
MuonEfficiencyCorrections-02-01-03
TrigMuonEfficiency-00-02-08

egammaEvent
egammaAnalysisUtils-00-03-55

ggFReweighting-00-00-10

HSG4TriggerSF-00-00-04
