# first add path to package in repo.lst
# package name with no tag assumes trunk
# blank lines and lines beginning with # are ignored

GoodRunsLists
PileupReweighting
TrigRootAnalysis

TauTriggerEmulation
# latest 2012 tag
TauTriggerCorrections-00-01-03
TauFakeRates atlasusr/morgens
#TauFakeRates2012
# tag 9 only to be used by lephad
MissingMassCalculator-00-00-09
TauDiscriminant
TESUncertaintyProvider

# https://twiki.cern.ch/twiki/bin/viewauth/AtlasProtected/MissingETUtility
MissingETUtility-01-01-03
# https://twiki.cern.ch/twiki/bin/viewauth/AtlasProtected/JetCalibrationToolsForPhysicsAnalyses
# https://twiki.cern.ch/twiki/bin/viewauth/AtlasProtected/JetUncertainties2012
JetUncertainties-00-07-06
# https://twiki.cern.ch/twiki/bin/viewauth/AtlasProtected/JetEnergyResolutionProvider
JetResolution-01-00-01
# https://twiki.cern.ch/twiki/bin/viewauth/AtlasProtected/ApplyJetCalibration2012
ApplyJetCalibration-00-03-00
# https://twiki.cern.ch/twiki/bin/viewauth/AtlasProtected/ApplyJetResolutionSmearing
ApplyJetResolutionSmearing-00-00-03

MuonMomentumCorrections-00-06-08
MuonEfficiencyCorrections-02-01-03
MuonIsolationCorrection-01-01
TrigMuonEfficiency-00-02-17

egammaEvent
egammaAnalysisUtils-00-03-55

ggFReweighting-00-00-10

HSG4TriggerSF-00-00-04
